// Jest Snapshot v1, https://goo.gl/fbAQLP

exports[`should render ExpenseListItem when edit 1`] = `
<div>
  <Link
    to="/edit/2"
  >
    <h3>
      Rent
    </h3>
  </Link>
  <p>
    5500
     - 
    -345600000
  </p>
</div>
`;
